// Jest Snapshot v1, https://goo.gl/fbAQLP

exports[`loadConfig load order should parse correctly 1`] = `"Changed in process.env"`;

exports[`loadConfig should parse correctly 1`] = `"Development File Version"`;

exports[`loadConfig should parse correctly files starting with dot 1`] = `"Development File Version"`;
